// Vitest Snapshot v1, https://vitest.dev/guide/snapshot.html

exports[`Basic GET caching > 3.0: GET @dev/test-basic-openapi@010332cf/getPost 1`] = `
{
  "body": "aut dicta possimus sint mollitia voluptas commodi quo doloremque
iste corrupti reiciendis voluptatem eius rerum
sit cumque quod eligendi laborum minima
perferendis recusandae assumenda consectetur porro architecto ipsum ipsam",
  "id": 13,
  "title": "dolorum ut in voluptas mollitia et saepe quo animi",
  "userId": 2,
}
`;

exports[`Basic GET caching > 3.1: GET @dev/test-basic-openapi@010332cf/getPost?postId=13 1`] = `
{
  "body": "aut dicta possimus sint mollitia voluptas commodi quo doloremque
iste corrupti reiciendis voluptatem eius rerum
sit cumque quod eligendi laborum minima
perferendis recusandae assumenda consectetur porro architecto ipsum ipsam",
  "id": 13,
  "title": "dolorum ut in voluptas mollitia et saepe quo animi",
  "userId": 2,
}
`;

exports[`Basic GET caching > 3.2: GET @dev/test-basic-openapi@010332cf/get_post?postId=13 1`] = `
{
  "body": "aut dicta possimus sint mollitia voluptas commodi quo doloremque
iste corrupti reiciendis voluptatem eius rerum
sit cumque quod eligendi laborum minima
perferendis recusandae assumenda consectetur porro architecto ipsum ipsam",
  "id": 13,
  "title": "dolorum ut in voluptas mollitia et saepe quo animi",
  "userId": 2,
}
`;

exports[`Basic MCP origin "add" tool call success > 5.0: POST @dev/test-basic-mcp/add 1`] = `
[
  {
    "text": "42",
    "type": "text",
  },
]
`;

exports[`Basic MCP origin "add" tool call success > 5.1: GET @dev/test-basic-mcp/add 1`] = `
[
  {
    "text": "42",
    "type": "text",
  },
]
`;

exports[`Basic OpenAPI getPost success > 0.0: POST @dev/test-basic-openapi/getPost 1`] = `
{
  "body": "quia et suscipit
suscipit recusandae consequuntur expedita et cum
reprehenderit molestiae ut ut quas totam
nostrum rerum est autem sunt rem eveniet architecto",
  "id": 1,
  "title": "sunt aut facere repellat provident occaecati excepturi optio reprehenderit",
  "userId": 1,
}
`;

exports[`Basic OpenAPI getPost success > 0.1: POST @dev/test-basic-openapi@latest/getPost 1`] = `
{
  "body": "quia et suscipit
suscipit recusandae consequuntur expedita et cum
reprehenderit molestiae ut ut quas totam
nostrum rerum est autem sunt rem eveniet architecto",
  "id": 1,
  "title": "sunt aut facere repellat provident occaecati excepturi optio reprehenderit",
  "userId": 1,
}
`;

exports[`Basic OpenAPI getPost success > 0.2: GET @dev/test-basic-openapi/getPost 1`] = `
{
  "body": "quia et suscipit
suscipit recusandae consequuntur expedita et cum
reprehenderit molestiae ut ut quas totam
nostrum rerum est autem sunt rem eveniet architecto",
  "id": 1,
  "title": "sunt aut facere repellat provident occaecati excepturi optio reprehenderit",
  "userId": 1,
}
`;

exports[`Basic OpenAPI getPost success > 0.3: GET @dev/test-basic-openapi@010332cf/getPost?postId=1 1`] = `
{
  "body": "quia et suscipit
suscipit recusandae consequuntur expedita et cum
reprehenderit molestiae ut ut quas totam
nostrum rerum est autem sunt rem eveniet architecto",
  "id": 1,
  "title": "sunt aut facere repellat provident occaecati excepturi optio reprehenderit",
  "userId": 1,
}
`;

exports[`Basic OpenAPI getPost success > 0.4: GET @dev/test-basic-openapi@010332cf/get_post?postId=1 1`] = `
{
  "body": "quia et suscipit
suscipit recusandae consequuntur expedita et cum
reprehenderit molestiae ut ut quas totam
nostrum rerum est autem sunt rem eveniet architecto",
  "id": 1,
  "title": "sunt aut facere repellat provident occaecati excepturi optio reprehenderit",
  "userId": 1,
}
`;

exports[`Basic OpenAPI getPost success > 0.5: GET @dev/test-basic-openapi@010332cf/getPost 1`] = `
{
  "body": "quia et suscipit
suscipit recusandae consequuntur expedita et cum
reprehenderit molestiae ut ut quas totam
nostrum rerum est autem sunt rem eveniet architecto",
  "id": 1,
  "title": "sunt aut facere repellat provident occaecati excepturi optio reprehenderit",
  "userId": 1,
}
`;

exports[`Basic POST caching > 4.0: POST @dev/test-basic-openapi@010332cf/get_post 1`] = `
{
  "body": "aut dicta possimus sint mollitia voluptas commodi quo doloremque
iste corrupti reiciendis voluptatem eius rerum
sit cumque quod eligendi laborum minima
perferendis recusandae assumenda consectetur porro architecto ipsum ipsam",
  "id": 13,
  "title": "dolorum ut in voluptas mollitia et saepe quo animi",
  "userId": 2,
}
`;

exports[`Basic POST caching > 4.1: POST @dev/test-basic-openapi@010332cf/get_post 1`] = `
{
  "body": "aut dicta possimus sint mollitia voluptas commodi quo doloremque
iste corrupti reiciendis voluptatem eius rerum
sit cumque quod eligendi laborum minima
perferendis recusandae assumenda consectetur porro architecto ipsum ipsam",
  "id": 13,
  "title": "dolorum ut in voluptas mollitia et saepe quo animi",
  "userId": 2,
}
`;

exports[`Bypass caching > 2.0: GET @dev/test-basic-openapi@fc856666/getPost 1`] = `
{
  "body": "consectetur animi nesciunt iure dolore
enim quia ad
veniam autem ut quam aut nobis
et est aut quod aut provident voluptas autem voluptas",
  "id": 9,
  "title": "nesciunt iure omnis dolorem tempora et accusantium",
  "userId": 1,
}
`;

exports[`Bypass caching > 2.1: GET @dev/test-basic-openapi@010332cf/getPost 1`] = `
{
  "body": "consectetur animi nesciunt iure dolore
enim quia ad
veniam autem ut quam aut nobis
et est aut quod aut provident voluptas autem voluptas",
  "id": 9,
  "title": "nesciunt iure omnis dolorem tempora et accusantium",
  "userId": 1,
}
`;

exports[`Bypass caching > 2.2: GET @dev/test-basic-openapi@010332cf/getPost?postId=9 1`] = `
{
  "body": "consectetur animi nesciunt iure dolore
enim quia ad
veniam autem ut quam aut nobis
et est aut quod aut provident voluptas autem voluptas",
  "id": 9,
  "title": "nesciunt iure omnis dolorem tempora et accusantium",
  "userId": 1,
}
`;

exports[`Bypass caching > 2.3: GET @dev/test-basic-openapi@010332cf/get_post?postId=9 1`] = `
{
  "body": "consectetur animi nesciunt iure dolore
enim quia ad
veniam autem ut quam aut nobis
et est aut quod aut provident voluptas autem voluptas",
  "id": 9,
  "title": "nesciunt iure omnis dolorem tempora et accusantium",
  "userId": 1,
}
`;

exports[`Bypass caching > 2.4: GET @dev/test-basic-openapi@010332cf/get_post?postId=9 1`] = `
{
  "body": "consectetur animi nesciunt iure dolore
enim quia ad
veniam autem ut quam aut nobis
et est aut quod aut provident voluptas autem voluptas",
  "id": 9,
  "title": "nesciunt iure omnis dolorem tempora et accusantium",
  "userId": 1,
}
`;

exports[`Bypass caching > 2.5: GET @dev/test-basic-openapi@010332cf/get_post?postId=9 1`] = `
{
  "body": "consectetur animi nesciunt iure dolore
enim quia ad
veniam autem ut quam aut nobis
et est aut quod aut provident voluptas autem voluptas",
  "id": 9,
  "title": "nesciunt iure omnis dolorem tempora et accusantium",
  "userId": 1,
}
`;

exports[`OpenAPI kitchen sink pure tool > 7.0: POST @dev/test-everything-openapi@390e70bf/pure 1`] = `
{
  "foo": "bar",
  "nala": "kitten",
}
`;

exports[`OpenAPI kitchen sink pure tool > 7.1: POST @dev/test-everything-openapi@390e70bf/pure 1`] = `
{
  "foo": "bar",
  "nala": "kitten",
}
`;
