// Vitest Snapshot v1, https://vitest.dev/guide/snapshot.html

exports[`Basic MCP => OpenAPI get_post success > 0.0: @dev/test-basic-openapi/mcp get_post 1`] = `
{
  "_meta": {},
  "content": [],
  "isError": false,
  "structuredContent": {
    "body": "quia et suscipit
suscipit recusandae consequuntur expedita et cum
reprehenderit molestiae ut ut quas totam
nostrum rerum est autem sunt rem eveniet architecto",
    "id": 1,
    "title": "sunt aut facere repellat provident occaecati excepturi optio reprehenderit",
    "userId": 1,
  },
}
`;
